// Jest Snapshot v1, https://goo.gl/fbAQLP

exports[`tests on Input without props 1`] = `
<View
  style={
    {
      "alignItems": "center",
      "flex": 1,
      "justifyContent": "center",
    }
  }
>
  <ActivityIndicator
    size={50}
  />
</View>
`;
